STRUCT,Info,3
CPU name:,Intel(R) Core(TM) i5-7500 CPU @ 3.40GHz,
CPU type:,Intel Coffeelake processor,
CPU clock:,3.407909477 GHz,
TABLE,Region resPtr,Group 1 Raw,ENERGY,8
Region Info,Core 3,
RDTSC Runtime [s],0.000001,
call count,1,
Event,Counter,Core 3
INSTR_RETIRED_ANY,FIXC0,5654
CPU_CLK_UNHALTED_CORE,FIXC1,15230
CPU_CLK_UNHALTED_REF,FIXC2,13916
TEMP_CORE,TMP0,195
PWR_PKG_ENERGY,PWR0,0
PWR_PP0_ENERGY,PWR1,0.0012
PWR_PP1_ENERGY,PWR2,0
PWR_DRAM_ENERGY,PWR3,0
TABLE,Region resPtr,Group 1 Metric,ENERGY,13
Metric,Core 3,
Runtime (RDTSC) [s],5.299344e-07,
Runtime unhalted [s],4.469015e-06,
Clock [MHz],3729.6968,
CPI,2.6937,
Temperature [C],195,
Energy [J],0,
Power [W],0,
Energy PP0 [J],0.0012,
Power PP0 [W],2188.3237,
Energy PP1 [J],0,
Power PP1 [W],0,
Energy DRAM [J],0,
Power DRAM [W],0,
STRUCT,Info,3
CPU name:,Intel(R) Core(TM) i5-7500 CPU @ 3.40GHz,
CPU type:,Intel Coffeelake processor,
CPU clock:,3.407909477 GHz,
TABLE,Region resPtrRow,Group 1 Raw,ENERGY,8
Region Info,Core 3,
RDTSC Runtime [s],0.000000,
call count,1,
Event,Counter,Core 3
INSTR_RETIRED_ANY,FIXC0,4135
CPU_CLK_UNHALTED_CORE,FIXC1,9413
CPU_CLK_UNHALTED_REF,FIXC2,8662
TEMP_CORE,TMP0,196
PWR_PKG_ENERGY,PWR0,0
PWR_PP0_ENERGY,PWR1,0.0012
PWR_PP1_ENERGY,PWR2,0
PWR_DRAM_ENERGY,PWR3,0
TABLE,Region resPtrRow,Group 1 Metric,ENERGY,13
Metric,Core 3,
Runtime (RDTSC) [s],1.414332e-07,
Runtime unhalted [s],2.762104e-06,
Clock [MHz],3703.3770,
CPI,2.2764,
Temperature [C],196,
Energy [J],0,
Power [W],0,
Energy PP0 [J],0.0012,
Power PP0 [W],8199.4044,
Energy PP1 [J],0,
Power PP1 [W],0,
Energy DRAM [J],0,
Power DRAM [W],0,
STRUCT,Info,3
CPU name:,Intel(R) Core(TM) i5-7500 CPU @ 3.40GHz,
CPU type:,Intel Coffeelake processor,
CPU clock:,3.407909477 GHz,
TABLE,Region resRow,Group 1 Raw,ENERGY,8
Region Info,Core 3,
RDTSC Runtime [s],0.000000,
call count,1,
Event,Counter,Core 3
INSTR_RETIRED_ANY,FIXC0,4363
CPU_CLK_UNHALTED_CORE,FIXC1,9591
CPU_CLK_UNHALTED_REF,FIXC2,8946
TEMP_CORE,TMP0,196
PWR_PKG_ENERGY,PWR0,0
PWR_PP0_ENERGY,PWR1,0.0008
PWR_PP1_ENERGY,PWR2,0
PWR_DRAM_ENERGY,PWR3,0
TABLE,Region resRow,Group 1 Metric,ENERGY,13
Metric,Core 3,
Runtime (RDTSC) [s],1.431938e-07,
Runtime unhalted [s],2.814335e-06,
Clock [MHz],3653.6172,
CPI,2.1983,
Temperature [C],196,
Energy [J],0,
Power [W],0,
Energy PP0 [J],0.0008,
Power PP0 [W],5541.1407,
Energy PP1 [J],0,
Power PP1 [W],0,
Energy DRAM [J],0,
Power DRAM [W],0,
STRUCT,Info,3
CPU name:,Intel(R) Core(TM) i5-7500 CPU @ 3.40GHz,
CPU type:,Intel Coffeelake processor,
CPU clock:,3.407909477 GHz,
TABLE,Region resMatPtr,Group 1 Raw,ENERGY,8
Region Info,Core 3,
RDTSC Runtime [s],0.000000,
call count,1,
Event,Counter,Core 3
INSTR_RETIRED_ANY,FIXC0,4804
CPU_CLK_UNHALTED_CORE,FIXC1,10293
CPU_CLK_UNHALTED_REF,FIXC2,9088
TEMP_CORE,TMP0,196
PWR_PKG_ENERGY,PWR0,0
PWR_PP0_ENERGY,PWR1,0.0016
PWR_PP1_ENERGY,PWR2,0
PWR_DRAM_ENERGY,PWR3,0
TABLE,Region resMatPtr,Group 1 Metric,ENERGY,13
Metric,Core 3,
Runtime (RDTSC) [s],2.711292e-07,
Runtime unhalted [s],3.020327e-06,
Clock [MHz],3859.7725,
CPI,2.1426,
Temperature [C],196,
Energy [J],0,
Power [W],0,
Energy PP0 [J],0.0016,
Power PP0 [W],6078.0949,
Energy PP1 [J],0,
Power PP1 [W],0,
Energy DRAM [J],0,
Power DRAM [W],0,
STRUCT,Info,3
CPU name:,Intel(R) Core(TM) i5-7500 CPU @ 3.40GHz,
CPU type:,Intel Coffeelake processor,
CPU clock:,3.407909477 GHz,
TABLE,Region resMatPtrLoopUnroll,Group 1 Raw,ENERGY,8
Region Info,Core 3,
RDTSC Runtime [s],0.000000,
call count,1,
Event,Counter,Core 3
INSTR_RETIRED_ANY,FIXC0,4544
CPU_CLK_UNHALTED_CORE,FIXC1,9407
CPU_CLK_UNHALTED_REF,FIXC2,8236
TEMP_CORE,TMP0,196
PWR_PKG_ENERGY,PWR0,0
PWR_PP0_ENERGY,PWR1,0.0011
PWR_PP1_ENERGY,PWR2,0
PWR_DRAM_ENERGY,PWR3,0
TABLE,Region resMatPtrLoopUnroll,Group 1 Metric,ENERGY,13
Metric,Core 3,
Runtime (RDTSC) [s],2.769978e-07,
Runtime unhalted [s],2.760343e-06,
Clock [MHz],3892.4483,
CPI,2.0702,
Temperature [C],196,
Energy [J],0,
Power [W],0,
Energy PP0 [J],0.0011,
Power PP0 [W],3966.2156,
Energy PP1 [J],0,
Power PP1 [W],0,
Energy DRAM [J],0,
Power DRAM [W],0,
STRUCT,Info,3
CPU name:,Intel(R) Core(TM) i5-7500 CPU @ 3.40GHz,
CPU type:,Intel Coffeelake processor,
CPU clock:,3.407909477 GHz,
TABLE,Region resMatPtrRow,Group 1 Raw,ENERGY,8
Region Info,Core 3,
RDTSC Runtime [s],0.000000,
call count,1,
Event,Counter,Core 3
INSTR_RETIRED_ANY,FIXC0,4898
CPU_CLK_UNHALTED_CORE,FIXC1,10508
CPU_CLK_UNHALTED_REF,FIXC2,9372
TEMP_CORE,TMP0,198
PWR_PKG_ENERGY,PWR0,0
PWR_PP0_ENERGY,PWR1,0.0016
PWR_PP1_ENERGY,PWR2,0
PWR_DRAM_ENERGY,PWR3,0
TABLE,Region resMatPtrRow,Group 1 Metric,ENERGY,13
Metric,Core 3,
Runtime (RDTSC) [s],2.951905e-07,
Runtime unhalted [s],3.083415e-06,
Clock [MHz],3820.9894,
CPI,2.1454,
Temperature [C],198,
Energy [J],0,
Power [W],0,
Energy PP0 [J],0.0016,
Power PP0 [W],5582.6627,
Energy PP1 [J],0,
Power PP1 [W],0,
Energy DRAM [J],0,
Power DRAM [W],0,
STRUCT,Info,3
CPU name:,Intel(R) Core(TM) i5-7500 CPU @ 3.40GHz,
CPU type:,Intel Coffeelake processor,
CPU clock:,3.407909477 GHz,
TABLE,Region resMatRow,Group 1 Raw,ENERGY,8
Region Info,Core 3,
RDTSC Runtime [s],0.000000,
call count,1,
Event,Counter,Core 3
INSTR_RETIRED_ANY,FIXC0,4873
CPU_CLK_UNHALTED_CORE,FIXC1,9705
CPU_CLK_UNHALTED_REF,FIXC2,8946
TEMP_CORE,TMP0,198
PWR_PKG_ENERGY,PWR0,0.0098
PWR_PP0_ENERGY,PWR1,0.0015
PWR_PP1_ENERGY,PWR2,0
PWR_DRAM_ENERGY,PWR3,0
TABLE,Region resMatRow,Group 1 Metric,ENERGY,13
Metric,Core 3,
Runtime (RDTSC) [s],2.153775e-07,
Runtime unhalted [s],2.847787e-06,
Clock [MHz],3697.0447,
CPI,1.9916,
Temperature [C],198,
Energy [J],0.0098,
Power [W],45341.8997,
Energy PP0 [J],0.0015,
Power PP0 [W],7084.6723,
Energy PP1 [J],0,
Power PP1 [W],0,
Energy DRAM [J],0,
Power DRAM [W],0,
STRUCT,Info,3
CPU name:,Intel(R) Core(TM) i5-7500 CPU @ 3.40GHz,
CPU type:,Intel Coffeelake processor,
CPU clock:,3.407834862 GHz,
TABLE,Region resPtr,Group 1 Raw,ENERGY,8
Region Info,Core 3,
RDTSC Runtime [s],0.000001,
call count,1,
Event,Counter,Core 3
INSTR_RETIRED_ANY,FIXC0,7430
CPU_CLK_UNHALTED_CORE,FIXC1,16457
CPU_CLK_UNHALTED_REF,FIXC2,14484
TEMP_CORE,TMP0,196
PWR_PKG_ENERGY,PWR0,0
PWR_PP0_ENERGY,PWR1,0.0011
PWR_PP1_ENERGY,PWR2,0
PWR_DRAM_ENERGY,PWR3,0
TABLE,Region resPtr,Group 1 Metric,ENERGY,13
Metric,Core 3,
Runtime (RDTSC) [s],7.593979e-07,
Runtime unhalted [s],4.829166e-06,
Clock [MHz],3872.0477,
CPI,2.2149,
Temperature [C],196,
Energy [J],0,
Power [W],0,
Energy PP0 [J],0.0011,
Power PP0 [W],1446.7159,
Energy PP1 [J],0,
Power PP1 [W],0,
Energy DRAM [J],0,
Power DRAM [W],0,
STRUCT,Info,3
CPU name:,Intel(R) Core(TM) i5-7500 CPU @ 3.40GHz,
CPU type:,Intel Coffeelake processor,
CPU clock:,3.407834862 GHz,
TABLE,Region resPtrRow,Group 1 Raw,ENERGY,8
Region Info,Core 3,
RDTSC Runtime [s],0.000000,
call count,1,
Event,Counter,Core 3
INSTR_RETIRED_ANY,FIXC0,5911
CPU_CLK_UNHALTED_CORE,FIXC1,11426
CPU_CLK_UNHALTED_REF,FIXC2,10508
TEMP_CORE,TMP0,196
PWR_PKG_ENERGY,PWR0,0
PWR_PP0_ENERGY,PWR1,0.0011
PWR_PP1_ENERGY,PWR2,0
PWR_DRAM_ENERGY,PWR3,0
TABLE,Region resPtrRow,Group 1 Metric,ENERGY,13
Metric,Core 3,
Runtime (RDTSC) [s],4.671412e-07,
Runtime unhalted [s],3.352862e-06,
Clock [MHz],3705.5502,
CPI,1.9330,
Temperature [C],196,
Energy [J],0,
Power [W],0,
Energy PP0 [J],0.0011,
Power PP0 [W],2351.8221,
Energy PP1 [J],0,
Power PP1 [W],0,
Energy DRAM [J],0,
Power DRAM [W],0,
STRUCT,Info,3
CPU name:,Intel(R) Core(TM) i5-7500 CPU @ 3.40GHz,
CPU type:,Intel Coffeelake processor,
CPU clock:,3.407834862 GHz,
TABLE,Region resRow,Group 1 Raw,ENERGY,8
Region Info,Core 3,
RDTSC Runtime [s],0.000000,
call count,1,
Event,Counter,Core 3
INSTR_RETIRED_ANY,FIXC0,6116
CPU_CLK_UNHALTED_CORE,FIXC1,10781
CPU_CLK_UNHALTED_REF,FIXC2,9372
TEMP_CORE,TMP0,197
PWR_PKG_ENERGY,PWR0,0
PWR_PP0_ENERGY,PWR1,0.0011
PWR_PP1_ENERGY,PWR2,0
PWR_DRAM_ENERGY,PWR3,0
TABLE,Region resRow,Group 1 Metric,ENERGY,13
Metric,Core 3,
Runtime (RDTSC) [s],3.761778e-07,
Runtime unhalted [s],3.163592e-06,
Clock [MHz],3920.1737,
CPI,1.7628,
Temperature [C],197,
Energy [J],0,
Power [W],0,
Energy PP0 [J],0.0011,
Power PP0 [W],2920.5152,
Energy PP1 [J],0,
Power PP1 [W],0,
Energy DRAM [J],0,
Power DRAM [W],0,
STRUCT,Info,3
CPU name:,Intel(R) Core(TM) i5-7500 CPU @ 3.40GHz,
CPU type:,Intel Coffeelake processor,
CPU clock:,3.407834862 GHz,
TABLE,Region resMatPtr,Group 1 Raw,ENERGY,8
Region Info,Core 3,
RDTSC Runtime [s],0.000004,
call count,1,
Event,Counter,Core 3
INSTR_RETIRED_ANY,FIXC0,38799
CPU_CLK_UNHALTED_CORE,FIXC1,22991
CPU_CLK_UNHALTED_REF,FIXC2,20448
TEMP_CORE,TMP0,197
PWR_PKG_ENERGY,PWR0,0
PWR_PP0_ENERGY,PWR1,0.0013
PWR_PP1_ENERGY,PWR2,0
PWR_DRAM_ENERGY,PWR3,0
TABLE,Region resMatPtr,Group 1 Metric,ENERGY,13
Metric,Core 3,
Runtime (RDTSC) [s],4.302277e-06,
Runtime unhalted [s],6.746512e-06,
Clock [MHz],3831.6477,
CPI,0.5926,
Temperature [C],197,
Energy [J],0,
Power [W],0,
Energy PP0 [J],0.0013,
Power PP0 [W],297.9208,
Energy PP1 [J],0,
Power PP1 [W],0,
Energy DRAM [J],0,
Power DRAM [W],0,
STRUCT,Info,3
CPU name:,Intel(R) Core(TM) i5-7500 CPU @ 3.40GHz,
CPU type:,Intel Coffeelake processor,
CPU clock:,3.407834862 GHz,
TABLE,Region resMatPtrLoopUnroll,Group 1 Raw,ENERGY,8
Region Info,Core 3,
RDTSC Runtime [s],0.000002,
call count,1,
Event,Counter,Core 3
INSTR_RETIRED_ANY,FIXC0,26804
CPU_CLK_UNHALTED_CORE,FIXC1,15852
CPU_CLK_UNHALTED_REF,FIXC2,14058
TEMP_CORE,TMP0,197
PWR_PKG_ENERGY,PWR0,0
PWR_PP0_ENERGY,PWR1,0.0011
PWR_PP1_ENERGY,PWR2,0
PWR_DRAM_ENERGY,PWR3,0
TABLE,Region resMatPtrLoopUnroll,Group 1 Metric,ENERGY,13
Metric,Core 3,
Runtime (RDTSC) [s],1.950725e-06,
Runtime unhalted [s],4.651634e-06,
Clock [MHz],3842.7229,
CPI,0.5914,
Temperature [C],197,
Energy [J],0,
Power [W],0,
Energy PP0 [J],0.0011,
Power PP0 [W],563.1921,
Energy PP1 [J],0,
Power PP1 [W],0,
Energy DRAM [J],0,
Power DRAM [W],0,
STRUCT,Info,3
CPU name:,Intel(R) Core(TM) i5-7500 CPU @ 3.40GHz,
CPU type:,Intel Coffeelake processor,
CPU clock:,3.407834862 GHz,
TABLE,Region resMatPtrRow,Group 1 Raw,ENERGY,8
Region Info,Core 3,
RDTSC Runtime [s],0.000003,
call count,1,
Event,Counter,Core 3
INSTR_RETIRED_ANY,FIXC0,38842
CPU_CLK_UNHALTED_CORE,FIXC1,19985
CPU_CLK_UNHALTED_REF,FIXC2,17608
TEMP_CORE,TMP0,197
PWR_PKG_ENERGY,PWR0,0
PWR_PP0_ENERGY,PWR1,0.0012
PWR_PP1_ENERGY,PWR2,0
PWR_DRAM_ENERGY,PWR3,0
TABLE,Region resMatPtrRow,Group 1 Metric,ENERGY,13
Metric,Core 3,
Runtime (RDTSC) [s],2.862707e-06,
Runtime unhalted [s],5.864427e-06,
Clock [MHz],3867.8771,
CPI,0.5145,
Temperature [C],197,
Energy [J],0,
Power [W],0,
Energy PP0 [J],0.0012,
Power PP0 [W],405.0949,
Energy PP1 [J],0,
Power PP1 [W],0,
Energy DRAM [J],0,
Power DRAM [W],0,
STRUCT,Info,3
CPU name:,Intel(R) Core(TM) i5-7500 CPU @ 3.40GHz,
CPU type:,Intel Coffeelake processor,
CPU clock:,3.407834862 GHz,
TABLE,Region resMatRow,Group 1 Raw,ENERGY,8
Region Info,Core 3,
RDTSC Runtime [s],0.000004,
call count,1,
Event,Counter,Core 3
INSTR_RETIRED_ANY,FIXC0,39879
CPU_CLK_UNHALTED_CORE,FIXC1,19388
CPU_CLK_UNHALTED_REF,FIXC2,17750
TEMP_CORE,TMP0,198
PWR_PKG_ENERGY,PWR0,0
PWR_PP0_ENERGY,PWR1,0.0012
PWR_PP1_ENERGY,PWR2,0
PWR_DRAM_ENERGY,PWR3,0
TABLE,Region resMatRow,Group 1 Metric,ENERGY,13
Metric,Core 3,
Runtime (RDTSC) [s],3.561072e-06,
Runtime unhalted [s],5.689243e-06,
Clock [MHz],3722.3156,
CPI,0.4862,
Temperature [C],198,
Energy [J],0,
Power [W],0,
Energy PP0 [J],0.0012,
Power PP0 [W],325.6514,
Energy PP1 [J],0,
Power PP1 [W],0,
Energy DRAM [J],0,
Power DRAM [W],0,
